============================================================================== 
[16/09/2026 15:21:00,13] INICIANDO ROTINA DE ATUALIZACAO AUTOMATICA 
============================================================================== 
[15:21:00,14] [1/5] Carregando Metas... 
======================================================================
  CARREGANDO METAS GERENCIAIS DE 2026 (base Gerencial.xlsx)
======================================================================
1. Lendo aba METAS...
2. Lendo aba Metas Sessoes e TX conversao...
✅ Salvo: C:\Users\lucas.alves6\OneDrive - Farmácias São João\Documentos\ANTIGRAVITI\Dashboard Gerencial\data\metas_gerencial_diaria.json (281 dias)
✅ Salvo: C:\Users\lucas.alves6\OneDrive - Farmácias São João\Documentos\ANTIGRAVITI\Dashboard Gerencial\data\metas_gerencial_resumo.json (10 meses)

--- Validação Setembro/2026 ---
Meta Mês Canais Digitais: R$ 54,745,244.00
Meta Mês E-Commerce Total: R$ 55,845,244.00
Meta Mês App: R$ 25,942,450.00
Meta Mês Site: R$ 14,493,892.00
Meta Mês Marketplace: R$ 14,308,902.00
Meta Mês Televendas: R$ 1,100,000.00
[15:21:02,38] [2/5] Extraindo Qlik Cloud... 
======================================================================
  EXTRAÇÃO DE CANAIS DIGITAIS & FIGITAL — QLIK CLOUD (SaaS)
======================================================================
1/3 Conectando ao Qlik Cloud via Playwright...
Autenticando no Keycloak SSO...
2/3 Conexão estabelecida! Extraindo hipercubos da QIX Engine...
⚠️ Aviso: Não foi possível conectar ao Qlik Cloud diretamente (Page.evaluate: Timeout QIX Engine). Utilizando snapshot consolidado.
Carregando snapshot auditado e validado...
✅ Snapshot salvo com sucesso em: C:\Users\lucas.alves6\OneDrive - Farmácias São João\Documentos\ANTIGRAVITI\Dashboard Gerencial\data\qlik_gerencial_raw.json
[15:21:50,19] [3/5] Atualizando Trafego GA4 / Supermetrics... 
======================================================================
  CARREGANDO DADOS DE TRÁFEGO E CONVERSÃO (GA4 / Supermetrics)
======================================================================
✅ Salvo: C:\Users\lucas.alves6\OneDrive - Farmácias São João\Documentos\ANTIGRAVITI\Dashboard Gerencial\data\traffic_analytics_data.json
[15:21:50,32] [4/5] Processando Motor Analitico... 
======================================================================
  PROCESSAMENTO ANALÍTICO — DASHBOARD GERENCIAL DIGITAL & FIGITAL
======================================================================
Data de corte D-1 oficial: Dia 15/09/2026
✅ Sucesso! Dados analíticos consolidados em 0.02s!
Arquivo gerado: C:\Users\lucas.alves6\OneDrive - Farmácias São João\Documentos\ANTIGRAVITI\Dashboard Gerencial\data\dashboard_gerencial_data.json

--- Resumo de Atingimento MTD (01 a 15/09) ---
E-Commerce Total: Real R$ 30,435,810.33 | Meta R$ 28,648,610.17 | Desvio +6.24%
Canais Digitais : Real R$ 29,765,810.33 | Meta R$ 28,084,310.17 | Desvio +5.99%
App             : Real R$ 16,225,658.30 | Meta R$ 13,308,476.85 | Desvio +21.92%
Site            : Real R$ 4,803,530.09 | Meta R$ 7,435,366.60 | Desvio -35.40%
Marketplace     : Real R$ 8,736,621.94 | Meta R$ 7,340,466.73 | Desvio +19.02%
Televendas      : Real R$ 670,000.00 | Meta R$ 564,300.00 | Desvio +18.73%
Figital (Novo)  : Real R$ 1,265,214.58 | Share 0.28%
[15:21:50,47] [5/5] Compilando Dashboard Executivo... 
======================================================================
  COMPILANDO DASHBOARD GERENCIAL DIGITAL & FIGITAL — APPLE/FSJ DESIGN
======================================================================
✅ Dashboard compilado com sucesso em 0.01s!
Arquivo gerado: C:\Users\lucas.alves6\OneDrive - Farmácias São João\Documentos\ANTIGRAVITI\Dashboard Gerencial\index.html
[15:21:50,60] [6/6] Sincronizando com Git e GitHub Pages... 
[main 6930f1c] Auto-sync Dashboard Gerencial (16/09/2026 15:21:51,07)
 9 files changed, 152 insertions(+), 71 deletions(-)
 create mode 100644 audit_charts.py
 create mode 100644 audit_visao_2_completa.png
 create mode 100644 audit_visao_3_completa.png
 create mode 100644 audit_visao_3_site.png
[15:21:51,07] GitHub Pages atualizado com sucesso 
[15:21:59,42] ROTINA FINALIZADA COM SUCESSO 
